// Jest Snapshot v1, https://goo.gl/fbAQLP

exports[`UXProcessSection.vue should have a custom title 1`] = `
<div class="container">
  <div class="row">
    <div class="col col-12">
      <h4 class="display-1">new message</h4>
    </div>
  </div>
</div>
`;

exports[`UXProcessSection.vue should render a list of process_steps 1`] = `
<div class="container">
  <div class="row">
    <div class="col col-12">
      <h4 class="display-1"></h4>
    </div>
    <div class="mb-5 d-flex align-stretch col col-4">
      <div class="d-flex align-start flex-column v-card v-sheet v-sheet--outlined theme--light">
        <div class="v-card__title primary mb-2" style="width: 100%;">
          Stakeholder Interview
        </div>
        <div class="v-card__text">
          We kick-off each project with a meeting with you: we need to talk about your mission, goals and context. This meeting ensures that we start the UX design process by understanding the problem. We also need to have a good knowledge of your domain in order to ask the right questions, find the best solutions.
        </div>
        <div class="v-card__actions mt-auto align-self-end"><button type="button" class="v-btn v-btn--depressed v-btn--flat v-btn--has-bg v-btn--outlined theme--light v-size--default primary white--text"><span class="v-btn__content">
            View
          </span></button></div>
      </div>
    </div>
  </div>
</div>
`;
