// Jest Snapshot v1, https://goo.gl/fbAQLP

exports[`LoginForm.vue should render 1`] = `
<form novalidate="novalidate" class="v-form">
  <div class="v-input v-input--is-label-active v-input--is-dirty theme--light v-text-field">
    <div class="v-input__control">
      <div class="v-input__slot">
        <div class="v-text-field__slot"><label for="input-13" class="v-label v-label--active theme--light" style="left: 0px; position: absolute;">Email</label><input required="required" id="input-13" type="text"></div>
      </div>
      <div class="v-text-field__details">
        <div class="v-messages theme--light">
          <transition-group-stub tag="div" name="message-transition" class="v-messages__wrapper"></transition-group-stub>
        </div>
      </div>
    </div>
  </div>
  <div class="v-input v-input--is-label-active v-input--is-dirty theme--light v-text-field">
    <div class="v-input__control">
      <div class="v-input__slot">
        <div class="v-text-field__slot"><label for="input-16" class="v-label v-label--active theme--light" style="left: 0px; position: absolute;">Password</label><input required="required" id="input-16" type="password"></div>
        <div class="v-input__append-inner">
          <div class="v-input__icon v-input__icon--append"><button type="button" aria-label="append icon" class="v-icon notranslate v-icon--link mdi mdi-eye-off theme--light"></button></div>
        </div>
      </div>
      <div class="v-text-field__details">
        <div class="v-messages theme--light">
          <transition-group-stub tag="div" name="message-transition" class="v-messages__wrapper"></transition-group-stub>
        </div>
        <div class="v-counter theme--light">8 / 16</div>
      </div>
    </div>
  </div> <button type="submit" class="mr-4  v-btn v-btn--contained v-btn--is-elevated v-btn--has-bg theme--light v-size--default"><span class="v-btn__content">
    Login
  </span></button> <button type="button" class="clear-form v-btn v-btn--flat v-btn--text theme--light v-size--default"><span class="v-btn__content">
    clear
  </span></button>
</form>
`;
